Parsed test spec with 3 sessions

starting permutation: s1_ins s2_ins s1_commit s1_select
step s1_ins: INSERT INTO test VALUES (2, 2);
step s2_ins: INSERT INTO test VALUES (2, 4); <waiting ...>
step s1_commit: COMMIT;
step s2_ins: <... completed>
ERROR:  duplicate key value violates unique constraint "test_pkey"
step s1_select: SELECT * FROM test;
k|v
-+-
2|2
(1 row)


starting permutation: s1_ins s3_del s2_ins s1_commit s1_select
step s1_ins: INSERT INTO test VALUES (2, 2);
step s3_del: DELETE FROM test WHERE k=2; <waiting ...>
step s2_ins: INSERT INTO test VALUES (2, 4); <waiting ...>
step s1_commit: COMMIT;
step s3_del: <... completed>
step s2_ins: <... completed>
step s1_select: SELECT * FROM test;
k|v
-+-
2|4
(1 row)


starting permutation: s1_ins s2_multi_insert s1_commit s1_select
step s1_ins: INSERT INTO test VALUES (2, 2);
step s2_multi_insert: INSERT INTO test VALUES (1, 1), (2, 4), (3, 3); <waiting ...>
step s1_commit: COMMIT;
step s2_multi_insert: <... completed>
ERROR:  duplicate key value violates unique constraint "test_pkey"
step s1_select: SELECT * FROM test;
k|v
-+-
2|2
(1 row)


starting permutation: s1_ins s3_del s2_multi_insert s1_commit s1_select
step s1_ins: INSERT INTO test VALUES (2, 2);
step s3_del: DELETE FROM test WHERE k=2; <waiting ...>
step s2_multi_insert: INSERT INTO test VALUES (1, 1), (2, 4), (3, 3); <waiting ...>
step s1_commit: COMMIT;
step s3_del: <... completed>
step s2_multi_insert: <... completed>
step s1_select: SELECT * FROM test;
k|v
-+-
1|1
2|4
3|3
(3 rows)
