\set ECHO none
ERROR:  advisory locks are not yet implemented
HINT:  If the app doesn't need strict functionality, this error can be silenced by using the GFlag yb_silence_advisory_locks_not_supported_error. See https://github.com/yugabyte/yugabyte-db/issues/3642 for details.
CONTEXT:  PL/pgSQL function inline_code_block line 4 at IF
/* Register alerts */
SELECT dbms_alert.register('a1');
 register
----------

(1 row)

SELECT dbms_alert.register('a2');
 register
----------

(1 row)

/* Test: multisession waitone */
SELECT dbms_alert.waitone('a1',20);
 waitone
---------
 (,1)
(1 row)

/* Test: multisession waitany */
SELECT dbms_alert.waitany(10);
 waitany
---------
 (,,1)
(1 row)

/* cleanup */
SELECT dbms_alert.removeall();
 removeall
-----------

(1 row)
