in_memory:
{SubDocKey(DocKey([], []), []), [kWeakRead, kWeakWrite]}
{SubDocKey(DocKey(0xbdda, ["1", "2"], []), []), [kWeakRead, kWeakWrite]}
{SubDocKey(DocKey(0xbdda, ["1", "2"], ["3"]), []), [kWeakRead, kWeakWrite]}
{SubDocKey(DocKey(0xbdda, ["1", "2"], ["3", "4"]), []), [kStrongRead, kStrongWrite]}


intent_check:
{SubDocKey(DocKey([], []), []), [kWeakRead, kWeakWrite]}
{SubDocKey(DocKey(0xbdda, ["1", "2"], []), []), [kWeakRead, kWeakWrite]}
{SubDocKey(DocKey(0xbdda, ["1", "2"], ["3"]), []), [kWeakRead, kWeakWrite]}
{SubDocKey(DocKey(0xbdda, ["1", "2"], ["3", "4"]), []), [kStrongRead, kStrongWrite]}


intent_write:
Wrote 9 key/value pairs to kIntents RocksDB:
 1. PutCF: TXN META ********-****-****-****-************ => { transaction_id: ********-****-****-****-************ isolation: SNAPSHOT_ISOLATION status_tablet: 0 priority: 0 start_time: { physical: 0 } locality: GLOBAL old_status_tablet:  skip_prefix_locks: 0 }
 2. PutCF: SubDocKey(DocKey(0xbdda, ["1", "2"], ["3", "4"]), []) [kStrongRead, kStrongWrite] HT{ days: 0 time: 0 } => TransactionId(********-****-****-****-************) WriteId(0) DEL
 4. PutCF: SubDocKey(DocKey(0xbdda, ["1", "2"], ["3"]), []) [kWeakRead, kWeakWrite] HT{ days: 0 time: 0 } => TransactionId(********-****-****-****-************) none
 6. PutCF: SubDocKey(DocKey(0xbdda, ["1", "2"], []), []) [kWeakRead, kWeakWrite] HT{ days: 0 time: 0 } => TransactionId(********-****-****-****-************) none
 8. PutCF: SubDocKey(DocKey([], []), []) [kWeakRead, kWeakWrite] HT{ days: 0 time: 0 } => TransactionId(********-****-****-****-************) none


in_memory:
{SubDocKey(DocKey([], []), []), [kWeakRead, kWeakWrite]}
{SubDocKey(DocKey(0xbdda, ["1", "2"], []), []), [kWeakRead, kWeakWrite]}
{SubDocKey(DocKey(0xbdda, ["1", "2"], ["3"]), []), [kWeakRead, kWeakWrite]}
{SubDocKey(DocKey(0xbdda, ["1", "2"], ["3", "4"]), []), [kStrongRead, kStrongWrite]}


intent_check:
{SubDocKey(DocKey([], []), []), [kWeakRead, kWeakWrite]}
{SubDocKey(DocKey(0xbdda, ["1", "2"], []), []), [kWeakRead, kWeakWrite]}
{SubDocKey(DocKey(0xbdda, ["1", "2"], ["3"]), []), [kWeakRead, kWeakWrite]}
{SubDocKey(DocKey(0xbdda, ["1", "2"], ["3", "4"]), []), [kStrongRead, kStrongWrite]}


regular_check:
SubDocKey(DocKey(0xbdda, ["1", "2"], ["3", "4"]), [])

regular_write:
Wrote 1 key/value pairs to kRegular RocksDB:
 1. PutCF: SubDocKey(DocKey(0xbdda, ["1", "2"], ["3", "4"]), [HT{ days: 0 time: 0 }]) => DEL


